// Vitest Snapshot v1

exports[`block() > should transforms a valid block correctly 1`] = `
"import { block } from \\"million/react\\";
function Lion() {
  return /*#__PURE__*/React.createElement(\\"img\\", {
    src: \\"https://million.dev/lion.svg\\"
  });
}
const LionBlock = block(Lion);"
`;
